Using pre-set license
Built from '2020.3/staging' branch; Version is '2020.3.45f1 (660cd1701bd5) revision 6687953'; Using compiler version '192528614'; Build Type 'Release'
OS: 'Windows 11  (10.0.26100) 64bit Core' Language: 'ko' Physical Memory: 15711 MB
BatchMode: 1, IsHumanControllingUs: 0, StartBugReporterOnCrash: 0, Is64bit: 1, IsPro: 0

COMMAND LINE ARGUMENTS:
C:\Program Files\Unity\Hub\Editor\2020.3.45f1\Editor\Unity.exe
-adb2
-batchMode
-noUpm
-name
AssetImportWorker0
-projectPath
C:/Users/a4991/Desktop/GameProgramming-Project-3D/Team Project 3D
-logFile
Logs/AssetImportWorker0.log
-srvPort
60664
Successfully changed project path to: C:/Users/a4991/Desktop/GameProgramming-Project-3D/Team Project 3D
C:/Users/a4991/Desktop/GameProgramming-Project-3D/Team Project 3D
Using Asset Import Pipeline V2.
Player connection [42248] Host "[IP] 10.111.9.97 [Port] 1073958240 [Flags] 2 [Guid] 2000181334 [EditorId] 2000181334 [Version] 1048832 [Id] WindowsEditor(7,범수) [Debug] 1 [PackageName] WindowsEditor [ProjectName] Editor" joined multi-casting on [225.0.0.222:54997]...

Player connection [42248] Host "[IP] 10.111.9.97 [Port] 1073958240 [Flags] 2 [Guid] 2000181334 [EditorId] 2000181334 [Version] 1048832 [Id] WindowsEditor(7,범수) [Debug] 1 [PackageName] WindowsEditor [ProjectName] Editor" joined alternative multi-casting on [225.0.0.222:34997]...

Refreshing native plugins compatible for Editor in 35.38 ms, found 2 plugins.
Preloading 0 native plugins for Editor in 0.00 ms.
Initialize engine version: 2020.3.45f1 (660cd1701bd5)
[Subsystems] Discovering subsystems at path C:/Program Files/Unity/Hub/Editor/2020.3.45f1/Editor/Data/Resources/UnitySubsystems
[Subsystems] Discovering subsystems at path C:/Users/a4991/Desktop/GameProgramming-Project-3D/Team Project 3D/Assets
GfxDevice: creating device client; threaded=0
Direct3D:
    Version:  Direct3D 11.0 [level 11.1]
    Renderer: AMD Radeon (TM) Graphics (ID=0x15e7)
    Vendor:   
    VRAM:     7855 MB
    Driver:   31.0.21914.8004
Initialize mono
Mono path[0] = 'C:/Program Files/Unity/Hub/Editor/2020.3.45f1/Editor/Data/Managed'
Mono path[1] = 'C:/Program Files/Unity/Hub/Editor/2020.3.45f1/Editor/Data/MonoBleedingEdge/lib/mono/unityjit'
Mono config path = 'C:/Program Files/Unity/Hub/Editor/2020.3.45f1/Editor/Data/MonoBleedingEdge/etc'
Using monoOptions --debugger-agent=transport=dt_socket,embedding=1,server=y,suspend=n,address=127.0.0.1:56804
Begin MonoManager ReloadAssembly
Registering precompiled unity dll's ...
Register platform support module: C:/Program Files/Unity/Hub/Editor/2020.3.45f1/Editor/Data/PlaybackEngines/WindowsStandaloneSupport/UnityEditor.WindowsStandalone.Extensions.dll
Registered in 0.002114 seconds.
Native extension for WindowsStandalone target not found
Refreshing native plugins compatible for Editor in 34.41 ms, found 2 plugins.
Preloading 0 native plugins for Editor in 0.00 ms.
Mono: successfully reloaded assembly
- Completed reload, in  0.461 seconds
Domain Reload Profiling:
	ReloadAssembly (462ms)
		BeginReloadAssembly (61ms)
			ExecutionOrderSort (0ms)
			DisableScriptedObjects (0ms)
			BackupInstance (0ms)
			ReleaseScriptingObjects (0ms)
			CreateAndSetChildDomain (1ms)
		EndReloadAssembly (342ms)
			LoadAssemblies (58ms)
			RebuildTransferFunctionScriptingTraits (0ms)
			SetupTypeCache (107ms)
			ReleaseScriptCaches (0ms)
			RebuildScriptCaches (21ms)
			SetupLoadedEditorAssemblies (133ms)
				LogAssemblyErrors (0ms)
				InitializePlatformSupportModulesInManaged (4ms)
				SetLoadedEditorAssemblies (0ms)
				RefreshPlugins (34ms)
				BeforeProcessingInitializeOnLoad (12ms)
				ProcessInitializeOnLoadAttributes (62ms)
				ProcessInitializeOnLoadMethodAttributes (21ms)
				AfterProcessingInitializeOnLoad (0ms)
				EditorAssembliesLoaded (0ms)
			ExecutionOrderSort2 (0ms)
			AwakeInstancesAfterBackupRestoration (0ms)
Platform modules already initialized, skipping
Registering precompiled user dll's ...
Registered in 0.003620 seconds.
Begin MonoManager ReloadAssembly
Native extension for WindowsStandalone target not found
Refreshing native plugins compatible for Editor in 0.55 ms, found 2 plugins.
Preloading 0 native plugins for Editor in 0.00 ms.
Mono: successfully reloaded assembly
- Completed reload, in  0.817 seconds
Domain Reload Profiling:
	ReloadAssembly (818ms)
		BeginReloadAssembly (120ms)
			ExecutionOrderSort (0ms)
			DisableScriptedObjects (4ms)
			BackupInstance (0ms)
			ReleaseScriptingObjects (0ms)
			CreateAndSetChildDomain (17ms)
		EndReloadAssembly (646ms)
			LoadAssemblies (88ms)
			RebuildTransferFunctionScriptingTraits (0ms)
			SetupTypeCache (211ms)
			ReleaseScriptCaches (0ms)
			RebuildScriptCaches (30ms)
			SetupLoadedEditorAssemblies (270ms)
				LogAssemblyErrors (0ms)
				InitializePlatformSupportModulesInManaged (4ms)
				SetLoadedEditorAssemblies (0ms)
				RefreshPlugins (1ms)
				BeforeProcessingInitializeOnLoad (70ms)
				ProcessInitializeOnLoadAttributes (174ms)
				ProcessInitializeOnLoadMethodAttributes (9ms)
				AfterProcessingInitializeOnLoad (12ms)
				EditorAssembliesLoaded (0ms)
			ExecutionOrderSort2 (0ms)
			AwakeInstancesAfterBackupRestoration (2ms)
Platform modules already initialized, skipping
========================================================================
Worker process is ready to serve import requests
Launched and connected shader compiler UnityShaderCompiler.exe after 0.05 seconds
Refreshing native plugins compatible for Editor in 0.54 ms, found 2 plugins.
Preloading 0 native plugins for Editor in 0.00 ms.
Unloading 1335 Unused Serialized files (Serialized files now loaded: 0)
System memory in use before: 66.3 MB.
System memory in use after: 66.4 MB.

Unloading 16 unused Assets to reduce memory usage. Loaded Objects now: 1777.
Total: 2.723200 ms (FindLiveObjects: 0.116800 ms CreateObjectMapping: 0.040400 ms MarkObjects: 2.493000 ms  DeleteObjects: 0.072100 ms)

AssetImportParameters requested are different than current active one (requested -> active):
  custom:framework-win-MediaFoundation: 216162199b28c13a410421893ffa2e32 -> 
  custom:video-decoder-ogg-theora: a1e56fd34408186e4bbccfd4996cb3dc -> 
  custom:container-muxer-webm: aa71ff27fc2769a1b78a27578f13a17b -> 
  custom:container-demuxer-webm: 4f35f7cbe854078d1ac9338744f61a02 -> 
  custom:container-demuxer-ogg: 62fdf1f143b41e24485cea50d1cbac27 -> 
  custom:video-encoder-webm-vp8: eb34c28f22e8b96e1ab97ce403110664 -> 
  custom:video-decoder-webm-vp8: 9c59270c3fd7afecdb556c50c9e8de78 -> 
  custom:audio-decoder-ogg-vorbis: bf7c407c2cedff20999df2af8eb42d56 -> 
  custom:audio-encoder-webm-vorbis: bf7c407c2cedff20999df2af8eb42d56 -> 
========================================================================
Received Import Request.
  path: Assets/BrokenVector
  artifactKey: Guid(45d0e5661c1c8b644b862efb5050f7e9) Importer(815301076,1909f56bfc062723c751e8b465ee728b)
Start importing Assets/BrokenVector using Guid(45d0e5661c1c8b644b862efb5050f7e9) Importer(815301076,1909f56bfc062723c751e8b465ee728b)  -> (artifact id: '20a95fb9938fc90fe5342bab7aaf03dd') in 0.018588 seconds 
========================================================================
Received Import Request.
  Time since last request: 2.624120 seconds.
  path: Assets/River water
  artifactKey: Guid(45d0e5661c1c8b644b862efb5050f7e9) Importer(815301076,1909f56bfc062723c751e8b465ee728b)
Start importing Assets/River water using Guid(45d0e5661c1c8b644b862efb5050f7e9) Importer(815301076,1909f56bfc062723c751e8b465ee728b)  -> (artifact id: '3d4d87df44641c4d71ba10abb540b25d') in 0.013038 seconds 
========================================================================
Received Import Request.
  Time since last request: 9.912334 seconds.
  path: Assets/ThirdParty/River water/LowPolyCliffPack/Prefabs/Clifftile Convex.prefab
  artifactKey: Guid(62e60247eb7840d418f372425884878d) Importer(815301076,1909f56bfc062723c751e8b465ee728b)
Start importing Assets/ThirdParty/River water/LowPolyCliffPack/Prefabs/Clifftile Convex.prefab using Guid(62e60247eb7840d418f372425884878d) Importer(815301076,1909f56bfc062723c751e8b465ee728b)  -> (artifact id: 'c8dee1a6de545681f3d2a3e4017e8c4c') in 0.126674 seconds 
========================================================================
Received Import Request.
  Time since last request: 0.972787 seconds.
  path: Assets/ThirdParty/River water/LowPolyCliffPack/Prefabs/Clifftile Diagonal.prefab
  artifactKey: Guid(80e74acf412f1f7419369c6003532087) Importer(815301076,1909f56bfc062723c751e8b465ee728b)
Start importing Assets/ThirdParty/River water/LowPolyCliffPack/Prefabs/Clifftile Diagonal.prefab using Guid(80e74acf412f1f7419369c6003532087) Importer(815301076,1909f56bfc062723c751e8b465ee728b)  -> (artifact id: '71be574ff04bb33b2041923de9059727') in 0.024111 seconds 
========================================================================
Received Import Request.
  Time since last request: 0.975874 seconds.
  path: Assets/ThirdParty/River water/LowPolyCliffPack/Prefabs/Clifftile Pass 1.prefab
  artifactKey: Guid(afaddd4006a62a74abdae8f295e71be9) Importer(815301076,1909f56bfc062723c751e8b465ee728b)
Start importing Assets/ThirdParty/River water/LowPolyCliffPack/Prefabs/Clifftile Pass 1.prefab using Guid(afaddd4006a62a74abdae8f295e71be9) Importer(815301076,1909f56bfc062723c751e8b465ee728b)  -> (artifact id: '04a2fda9bf5b6e50207b11fcadc1238e') in 0.024404 seconds 
========================================================================
Received Import Request.
  Time since last request: 0.956852 seconds.
  path: Assets/ThirdParty/River water/LowPolyCliffPack/Prefabs/Clifftile Straight 1.prefab
  artifactKey: Guid(655cb50f5ad933442b422e60a97494bb) Importer(815301076,1909f56bfc062723c751e8b465ee728b)
Start importing Assets/ThirdParty/River water/LowPolyCliffPack/Prefabs/Clifftile Straight 1.prefab using Guid(655cb50f5ad933442b422e60a97494bb) Importer(815301076,1909f56bfc062723c751e8b465ee728b)  -> (artifact id: '5438accc53ade717a0282018fff1e4b3') in 0.021838 seconds 
========================================================================
Received Import Request.
  Time since last request: 1.404090 seconds.
  path: Assets/ThirdParty/River water/LowPolyCliffPack/Prefabs/Grasstile Straight.prefab
  artifactKey: Guid(89d02998542d0c24ea73447f89e6304f) Importer(815301076,1909f56bfc062723c751e8b465ee728b)
Start importing Assets/ThirdParty/River water/LowPolyCliffPack/Prefabs/Grasstile Straight.prefab using Guid(89d02998542d0c24ea73447f89e6304f) Importer(815301076,1909f56bfc062723c751e8b465ee728b)  -> (artifact id: '1a9bf8323d1b3317e9fdf63533638785') in 0.025403 seconds 
========================================================================
Received Import Request.
  Time since last request: 0.866949 seconds.
  path: Assets/ThirdParty/River water/LowPolyCliffPack/Example.unity
  artifactKey: Guid(f568bcee9709b2e4094dea929964a957) Importer(815301076,1909f56bfc062723c751e8b465ee728b)
Start importing Assets/ThirdParty/River water/LowPolyCliffPack/Example.unity using Guid(f568bcee9709b2e4094dea929964a957) Importer(815301076,1909f56bfc062723c751e8b465ee728b)  -> (artifact id: 'b537c5671d51d1e36e44c249d0961e5f') in 0.022400 seconds 
========================================================================
Received Import Request.
  Time since last request: 1.326124 seconds.
  path: Assets/ThirdParty/River water/LowPolyCliffPack/Prefabs/Rocktile Straight 2.prefab
  artifactKey: Guid(9447ff023d0aaf84f85f4d030320cd33) Importer(815301076,1909f56bfc062723c751e8b465ee728b)
Start importing Assets/ThirdParty/River water/LowPolyCliffPack/Prefabs/Rocktile Straight 2.prefab using Guid(9447ff023d0aaf84f85f4d030320cd33) Importer(815301076,1909f56bfc062723c751e8b465ee728b)  -> (artifact id: 'a01049cdec73311d4393434b3e00026b') in 0.031078 seconds 
========================================================================
Received Import Request.
  Time since last request: 51.212099 seconds.
  path: Assets/Scenes/Sample Scene Beomsoo2.unity
  artifactKey: Guid(5e68f818c8f9aa649a1da279223a30a9) Importer(815301076,1909f56bfc062723c751e8b465ee728b)
Start importing Assets/Scenes/Sample Scene Beomsoo2.unity using Guid(5e68f818c8f9aa649a1da279223a30a9) Importer(815301076,1909f56bfc062723c751e8b465ee728b)  -> (artifact id: '92808d2ce1d762dc8885569dae50dcfa') in 0.016040 seconds 
========================================================================
Received Import Request.
  Time since last request: 467.329208 seconds.
  path: Assets/ThirdParty/River water/LowPolyCliffPack/Prefabs/Clifftile Straight 2.prefab
  artifactKey: Guid(89628d1fa4c1244408401deb6dcd80c5) Importer(815301076,1909f56bfc062723c751e8b465ee728b)
Start importing Assets/ThirdParty/River water/LowPolyCliffPack/Prefabs/Clifftile Straight 2.prefab using Guid(89628d1fa4c1244408401deb6dcd80c5) Importer(815301076,1909f56bfc062723c751e8b465ee728b)  -> (artifact id: '151648ba7da3bb012ab43641ac2308b7') in 0.058404 seconds 
========================================================================
Received Import Request.
  Time since last request: 1.459361 seconds.
  path: Assets/ThirdParty/River water/LowPolyCliffPack/Prefabs/Grasstile Convex.prefab
  artifactKey: Guid(769a9382f28132144be1d13e8384cfc4) Importer(815301076,1909f56bfc062723c751e8b465ee728b)
Start importing Assets/ThirdParty/River water/LowPolyCliffPack/Prefabs/Grasstile Convex.prefab using Guid(769a9382f28132144be1d13e8384cfc4) Importer(815301076,1909f56bfc062723c751e8b465ee728b)  -> (artifact id: '29b76289c13a6eb242545282d16d74e1') in 0.024518 seconds 
========================================================================
Received Import Request.
  Time since last request: 3.036793 seconds.
  path: Assets/ThirdParty/River water/LowPolyCliffPack/Prefabs/Rocktile Convex.prefab
  artifactKey: Guid(7b6003e95a5e8044389546d65fb058ec) Importer(815301076,1909f56bfc062723c751e8b465ee728b)
Start importing Assets/ThirdParty/River water/LowPolyCliffPack/Prefabs/Rocktile Convex.prefab using Guid(7b6003e95a5e8044389546d65fb058ec) Importer(815301076,1909f56bfc062723c751e8b465ee728b)  -> (artifact id: 'c80792e2d80ec73c554964eb7c6f2c74') in 0.021124 seconds 
========================================================================
Received Import Request.
  Time since last request: 62.035407 seconds.
  path: Assets/ThirdParty/River water/LowPolyCliffPack/Prefabs/Clifftile Pass 2.prefab
  artifactKey: Guid(d7be01913fd43c542a7c03fa290742fa) Importer(815301076,1909f56bfc062723c751e8b465ee728b)
Start importing Assets/ThirdParty/River water/LowPolyCliffPack/Prefabs/Clifftile Pass 2.prefab using Guid(d7be01913fd43c542a7c03fa290742fa) Importer(815301076,1909f56bfc062723c751e8b465ee728b)  -> (artifact id: 'ad24725aa7ad3b18a5913543e1f6c839') in 0.021944 seconds 
========================================================================
Received Import Request.
  Time since last request: 7.532060 seconds.
  path: Assets/ThirdParty/River water/LowPolyCliffPack/Prefabs/Grasstile Concave.prefab
  artifactKey: Guid(ae70de9015df2a942a144182d5917ae1) Importer(815301076,1909f56bfc062723c751e8b465ee728b)
Start importing Assets/ThirdParty/River water/LowPolyCliffPack/Prefabs/Grasstile Concave.prefab using Guid(ae70de9015df2a942a144182d5917ae1) Importer(815301076,1909f56bfc062723c751e8b465ee728b)  -> (artifact id: '5c4dbf67d5cf23bead0f62cbf79375eb') in 0.027617 seconds 
========================================================================
Received Import Request.
  Time since last request: 2.457531 seconds.
  path: Assets/ThirdParty/River water/LowPolyCliffPack/Prefabs/Rocktile Pass.prefab
  artifactKey: Guid(9d97c296676698f4c9eb639317cc0e8b) Importer(815301076,1909f56bfc062723c751e8b465ee728b)
Start importing Assets/ThirdParty/River water/LowPolyCliffPack/Prefabs/Rocktile Pass.prefab using Guid(9d97c296676698f4c9eb639317cc0e8b) Importer(815301076,1909f56bfc062723c751e8b465ee728b)  -> (artifact id: '2810eb1368c397845dd10ee0c9dc989e') in 0.022514 seconds 
========================================================================
Received Import Request.
  Time since last request: 2.060917 seconds.
  path: Assets/ThirdParty/River water/LowPolyCliffPack/Prefabs/Rocktile Straight 1.prefab
  artifactKey: Guid(76e8f3483e59e9245a3d8a6ccbed01ac) Importer(815301076,1909f56bfc062723c751e8b465ee728b)
Start importing Assets/ThirdParty/River water/LowPolyCliffPack/Prefabs/Rocktile Straight 1.prefab using Guid(76e8f3483e59e9245a3d8a6ccbed01ac) Importer(815301076,1909f56bfc062723c751e8b465ee728b)  -> (artifact id: 'ddc4a27c1dc3cb253ec9d262a842d997') in 0.023686 seconds 
========================================================================
Received Import Request.
  Time since last request: 1.940249 seconds.
  path: Assets/ThirdParty/River water/LowPolyCliffPack/Textures
  artifactKey: Guid(bb7dd547984ff5345af7d1358492c08d) Importer(815301076,1909f56bfc062723c751e8b465ee728b)
Start importing Assets/ThirdParty/River water/LowPolyCliffPack/Textures using Guid(bb7dd547984ff5345af7d1358492c08d) Importer(815301076,1909f56bfc062723c751e8b465ee728b)  -> (artifact id: '353ad31948721c3def47c2377501d62d') in 0.016411 seconds 
========================================================================
Received Import Request.
  Time since last request: 6.639962 seconds.
  path: Assets/ThirdParty/River water/LowPolyCliffPack/Models
  artifactKey: Guid(1a2c41135a01c404d952d4b2cdcf955d) Importer(815301076,1909f56bfc062723c751e8b465ee728b)
Start importing Assets/ThirdParty/River water/LowPolyCliffPack/Models using Guid(1a2c41135a01c404d952d4b2cdcf955d) Importer(815301076,1909f56bfc062723c751e8b465ee728b)  -> (artifact id: 'ab735b9bcd3a028396bcd475fbaf8faa') in 0.017087 seconds 
========================================================================
Received Import Request.
  Time since last request: 1.898415 seconds.
  path: Assets/ThirdParty/River water/LowPolyCliffPack/Models/Clifftile Concave.dae
  artifactKey: Guid(72d3e9c0a8221e84c878c19447c08447) Importer(815301076,1909f56bfc062723c751e8b465ee728b)
Start importing Assets/ThirdParty/River water/LowPolyCliffPack/Models/Clifftile Concave.dae using Guid(72d3e9c0a8221e84c878c19447c08447) Importer(815301076,1909f56bfc062723c751e8b465ee728b)  -> (artifact id: 'c03fc043a52c948348c135a4c9752a31') in 0.041580 seconds 
========================================================================
Received Import Request.
  Time since last request: 0.981200 seconds.
  path: Assets/ThirdParty/River water/LowPolyCliffPack/Models/Clifftile Connector 2.dae
  artifactKey: Guid(bc2d01bc395a03f47ab1dcf946bb9682) Importer(815301076,1909f56bfc062723c751e8b465ee728b)
Start importing Assets/ThirdParty/River water/LowPolyCliffPack/Models/Clifftile Connector 2.dae using Guid(bc2d01bc395a03f47ab1dcf946bb9682) Importer(815301076,1909f56bfc062723c751e8b465ee728b)  -> (artifact id: '9d87a74eba1a320e370c153587df2e2c') in 0.034366 seconds 
AssetImportWorkerClient::OnTransportError - code=2 error=End of file
